[     244ms] [WARNING] [PrimeUI] PrimeUI license is not configured. @ http://localhost:4200/@fs/Users/molina/Proyectos/Verano%202026/PROGRAMACIO%CC%81N%20WEB/tema3/tema3/.angular/cache/21.2.19/tema3/vite/deps/chunk-MF2BHIXG.js?v=4bdb653d:2471
[     290ms] [LOG] Angular is running in development mode. @ http://localhost:4200/@fs/Users/molina/Proyectos/Verano%202026/PROGRAMACIO%CC%81N%20WEB/tema3/tema3/.angular/cache/21.2.19/tema3/vite/deps/chunk-EIPXSTHH.js?v=4bdb653d:17338
[   55599ms] [WARNING] [PrimeUI] PrimeUI license is not configured. @ http://localhost:4200/@fs/Users/molina/Proyectos/Verano%202026/PROGRAMACIO%CC%81N%20WEB/tema3/tema3/.angular/cache/21.2.19/tema3/vite/deps/chunk-MF2BHIXG.js?v=4bdb653d:2471
[   55630ms] [LOG] Angular is running in development mode. @ http://localhost:4200/@fs/Users/molina/Proyectos/Verano%202026/PROGRAMACIO%CC%81N%20WEB/tema3/tema3/.angular/cache/21.2.19/tema3/vite/deps/chunk-EIPXSTHH.js?v=4bdb653d:17338
[  121735ms] [WARNING] [PrimeUI] PrimeUI license is not configured. @ http://localhost:4200/@fs/Users/molina/Proyectos/Verano%202026/PROGRAMACIO%CC%81N%20WEB/tema3/tema3/.angular/cache/21.2.19/tema3/vite/deps/chunk-MF2BHIXG.js?v=4bdb653d:2471
[  121764ms] [LOG] Angular is running in development mode. @ http://localhost:4200/@fs/Users/molina/Proyectos/Verano%202026/PROGRAMACIO%CC%81N%20WEB/tema3/tema3/.angular/cache/21.2.19/tema3/vite/deps/chunk-EIPXSTHH.js?v=4bdb653d:17338
[  122239ms] [ERROR] ERROR RuntimeError: NG0100: ExpressionChangedAfterItHasBeenCheckedError: Expression has changed after it was checked. Previous value: '0'. Current value: '1'. Expression location: _DetalleProducto component. Find more at https://v21.angular.dev/errors/NG0100
    at throwErrorIfNoChangesMode (http://localhost:4200/@fs/Users/molina/Proyectos/Verano%202026/PROGRAMACIO%CC%81N%20WEB/tema3/tema3/.angular/cache/21.2.19/tema3/vite/deps/chunk-EIPXSTHH.js?v=4bdb653d:9925:9)
    at bindingUpdated (http://localhost:4200/@fs/Users/molina/Proyectos/Verano%202026/PROGRAMACIO%CC%81N%20WEB/tema3/tema3/.angular/cache/21.2.19/tema3/vite/deps/chunk-EIPXSTHH.js?v=4bdb653d:14536:9)
    at Module.ɵɵconditional (http://localhost:4200/@fs/Users/molina/Proyectos/Verano%202026/PROGRAMACIO%CC%81N%20WEB/tema3/tema3/.angular/cache/21.2.19/tema3/vite/deps/chunk-EIPXSTHH.js?v=4bdb653d:20198:7)
    at DetalleProducto_Template (http://localhost:4200/chunk-IOLNBE5D.js:140:10)
    at executeTemplate (http://localhost:4200/@fs/Users/molina/Proyectos/Verano%202026/PROGRAMACIO%CC%81N%20WEB/tema3/tema3/.angular/cache/21.2.19/tema3/vite/deps/chunk-EIPXSTHH.js?v=4bdb653d:11447:5)
    at refreshView (http://localhost:4200/@fs/Users/molina/Proyectos/Verano%202026/PROGRAMACIO%CC%81N%20WEB/tema3/tema3/.angular/cache/21.2.19/tema3/vite/deps/chunk-EIPXSTHH.js?v=4bdb653d:12108:7)
    at detectChangesInView (http://localhost:4200/@fs/Users/molina/Proyectos/Verano%202026/PROGRAMACIO%CC%81N%20WEB/tema3/tema3/.angular/cache/21.2.19/tema3/vite/deps/chunk-EIPXSTHH.js?v=4bdb653d:12248:5)
    at detectChangesInViewIfAttached (http://localhost:4200/@fs/Users/molina/Proyectos/Verano%202026/PROGRAMACIO%CC%81N%20WEB/tema3/tema3/.angular/cache/21.2.19/tema3/vite/deps/chunk-EIPXSTHH.js?v=4bdb653d:12231:3)
    at detectChangesInComponent (http://localhost:4200/@fs/Users/molina/Proyectos/Verano%202026/PROGRAMACIO%CC%81N%20WEB/tema3/tema3/.angular/cache/21.2.19/tema3/vite/deps/chunk-EIPXSTHH.js?v=4bdb653d:12222:5)
    at detectChangesInChildComponents (http://localhost:4200/@fs/Users/molina/Proyectos/Verano%202026/PROGRAMACIO%CC%81N%20WEB/tema3/tema3/.angular/cache/21.2.19/tema3/vite/deps/chunk-EIPXSTHH.js?v=4bdb653d:12270:5) @ http://localhost:4200/@fs/Users/molina/Proyectos/Verano%202026/PROGRAMACIO%CC%81N%20WEB/tema3/tema3/.angular/cache/21.2.19/tema3/vite/deps/chunk-EIPXSTHH.js?v=4bdb653d:6030
[  129688ms] [WARNING] [PrimeUI] PrimeUI license is not configured. @ http://localhost:4200/@fs/Users/molina/Proyectos/Verano%202026/PROGRAMACIO%CC%81N%20WEB/tema3/tema3/.angular/cache/21.2.19/tema3/vite/deps/chunk-MF2BHIXG.js?v=4bdb653d:2471
[  129710ms] [LOG] Angular is running in development mode. @ http://localhost:4200/@fs/Users/molina/Proyectos/Verano%202026/PROGRAMACIO%CC%81N%20WEB/tema3/tema3/.angular/cache/21.2.19/tema3/vite/deps/chunk-EIPXSTHH.js?v=4bdb653d:17338
[  130109ms] [ERROR] ERROR RuntimeError: NG0100: ExpressionChangedAfterItHasBeenCheckedError: Expression has changed after it was checked. Previous value: '1'. Current value: '0'. Expression location: _DetalleProducto component. Find more at https://v21.angular.dev/errors/NG0100
    at throwErrorIfNoChangesMode (http://localhost:4200/@fs/Users/molina/Proyectos/Verano%202026/PROGRAMACIO%CC%81N%20WEB/tema3/tema3/.angular/cache/21.2.19/tema3/vite/deps/chunk-EIPXSTHH.js?v=4bdb653d:9925:9)
    at bindingUpdated (http://localhost:4200/@fs/Users/molina/Proyectos/Verano%202026/PROGRAMACIO%CC%81N%20WEB/tema3/tema3/.angular/cache/21.2.19/tema3/vite/deps/chunk-EIPXSTHH.js?v=4bdb653d:14536:9)
    at Module.ɵɵconditional (http://localhost:4200/@fs/Users/molina/Proyectos/Verano%202026/PROGRAMACIO%CC%81N%20WEB/tema3/tema3/.angular/cache/21.2.19/tema3/vite/deps/chunk-EIPXSTHH.js?v=4bdb653d:20198:7)
    at DetalleProducto_Template (http://localhost:4200/chunk-FAECJNI5.js:133:10)
    at executeTemplate (http://localhost:4200/@fs/Users/molina/Proyectos/Verano%202026/PROGRAMACIO%CC%81N%20WEB/tema3/tema3/.angular/cache/21.2.19/tema3/vite/deps/chunk-EIPXSTHH.js?v=4bdb653d:11447:5)
    at refreshView (http://localhost:4200/@fs/Users/molina/Proyectos/Verano%202026/PROGRAMACIO%CC%81N%20WEB/tema3/tema3/.angular/cache/21.2.19/tema3/vite/deps/chunk-EIPXSTHH.js?v=4bdb653d:12108:7)
    at detectChangesInView (http://localhost:4200/@fs/Users/molina/Proyectos/Verano%202026/PROGRAMACIO%CC%81N%20WEB/tema3/tema3/.angular/cache/21.2.19/tema3/vite/deps/chunk-EIPXSTHH.js?v=4bdb653d:12248:5)
    at detectChangesInViewIfAttached (http://localhost:4200/@fs/Users/molina/Proyectos/Verano%202026/PROGRAMACIO%CC%81N%20WEB/tema3/tema3/.angular/cache/21.2.19/tema3/vite/deps/chunk-EIPXSTHH.js?v=4bdb653d:12231:3)
    at detectChangesInComponent (http://localhost:4200/@fs/Users/molina/Proyectos/Verano%202026/PROGRAMACIO%CC%81N%20WEB/tema3/tema3/.angular/cache/21.2.19/tema3/vite/deps/chunk-EIPXSTHH.js?v=4bdb653d:12222:5)
    at detectChangesInChildComponents (http://localhost:4200/@fs/Users/molina/Proyectos/Verano%202026/PROGRAMACIO%CC%81N%20WEB/tema3/tema3/.angular/cache/21.2.19/tema3/vite/deps/chunk-EIPXSTHH.js?v=4bdb653d:12270:5) @ http://localhost:4200/@fs/Users/molina/Proyectos/Verano%202026/PROGRAMACIO%CC%81N%20WEB/tema3/tema3/.angular/cache/21.2.19/tema3/vite/deps/chunk-EIPXSTHH.js?v=4bdb653d:6030
[  131447ms] [WARNING] [PrimeUI] PrimeUI license is not configured. @ http://localhost:4200/@fs/Users/molina/Proyectos/Verano%202026/PROGRAMACIO%CC%81N%20WEB/tema3/tema3/.angular/cache/21.2.19/tema3/vite/deps/chunk-MF2BHIXG.js?v=4bdb653d:2471
[  131462ms] [LOG] Angular is running in development mode. @ http://localhost:4200/@fs/Users/molina/Proyectos/Verano%202026/PROGRAMACIO%CC%81N%20WEB/tema3/tema3/.angular/cache/21.2.19/tema3/vite/deps/chunk-EIPXSTHH.js?v=4bdb653d:17338
[  131768ms] [ERROR] ERROR RuntimeError: NG0100: ExpressionChangedAfterItHasBeenCheckedError: Expression has changed after it was checked. Previous value: '1'. Current value: '0'. Expression location: _DetalleProducto component. Find more at https://v21.angular.dev/errors/NG0100
    at throwErrorIfNoChangesMode (http://localhost:4200/@fs/Users/molina/Proyectos/Verano%202026/PROGRAMACIO%CC%81N%20WEB/tema3/tema3/.angular/cache/21.2.19/tema3/vite/deps/chunk-EIPXSTHH.js?v=4bdb653d:9925:9)
    at bindingUpdated (http://localhost:4200/@fs/Users/molina/Proyectos/Verano%202026/PROGRAMACIO%CC%81N%20WEB/tema3/tema3/.angular/cache/21.2.19/tema3/vite/deps/chunk-EIPXSTHH.js?v=4bdb653d:14536:9)
    at Module.ɵɵconditional (http://localhost:4200/@fs/Users/molina/Proyectos/Verano%202026/PROGRAMACIO%CC%81N%20WEB/tema3/tema3/.angular/cache/21.2.19/tema3/vite/deps/chunk-EIPXSTHH.js?v=4bdb653d:20198:7)
    at DetalleProducto_Template (http://localhost:4200/chunk-FAECJNI5.js:133:10)
    at executeTemplate (http://localhost:4200/@fs/Users/molina/Proyectos/Verano%202026/PROGRAMACIO%CC%81N%20WEB/tema3/tema3/.angular/cache/21.2.19/tema3/vite/deps/chunk-EIPXSTHH.js?v=4bdb653d:11447:5)
    at refreshView (http://localhost:4200/@fs/Users/molina/Proyectos/Verano%202026/PROGRAMACIO%CC%81N%20WEB/tema3/tema3/.angular/cache/21.2.19/tema3/vite/deps/chunk-EIPXSTHH.js?v=4bdb653d:12108:7)
    at detectChangesInView (http://localhost:4200/@fs/Users/molina/Proyectos/Verano%202026/PROGRAMACIO%CC%81N%20WEB/tema3/tema3/.angular/cache/21.2.19/tema3/vite/deps/chunk-EIPXSTHH.js?v=4bdb653d:12248:5)
    at detectChangesInViewIfAttached (http://localhost:4200/@fs/Users/molina/Proyectos/Verano%202026/PROGRAMACIO%CC%81N%20WEB/tema3/tema3/.angular/cache/21.2.19/tema3/vite/deps/chunk-EIPXSTHH.js?v=4bdb653d:12231:3)
    at detectChangesInComponent (http://localhost:4200/@fs/Users/molina/Proyectos/Verano%202026/PROGRAMACIO%CC%81N%20WEB/tema3/tema3/.angular/cache/21.2.19/tema3/vite/deps/chunk-EIPXSTHH.js?v=4bdb653d:12222:5)
    at detectChangesInChildComponents (http://localhost:4200/@fs/Users/molina/Proyectos/Verano%202026/PROGRAMACIO%CC%81N%20WEB/tema3/tema3/.angular/cache/21.2.19/tema3/vite/deps/chunk-EIPXSTHH.js?v=4bdb653d:12270:5) @ http://localhost:4200/@fs/Users/molina/Proyectos/Verano%202026/PROGRAMACIO%CC%81N%20WEB/tema3/tema3/.angular/cache/21.2.19/tema3/vite/deps/chunk-EIPXSTHH.js?v=4bdb653d:6030
[  134549ms] [ERROR] ERROR RuntimeError: NG0100: ExpressionChangedAfterItHasBeenCheckedError: Expression has changed after it was checked. Previous value: '1'. Current value: '0'. Expression location: _DetalleProducto component. Find more at https://v21.angular.dev/errors/NG0100
    at throwErrorIfNoChangesMode (http://localhost:4200/@fs/Users/molina/Proyectos/Verano%202026/PROGRAMACIO%CC%81N%20WEB/tema3/tema3/.angular/cache/21.2.19/tema3/vite/deps/chunk-EIPXSTHH.js?v=4bdb653d:9925:9)
    at bindingUpdated (http://localhost:4200/@fs/Users/molina/Proyectos/Verano%202026/PROGRAMACIO%CC%81N%20WEB/tema3/tema3/.angular/cache/21.2.19/tema3/vite/deps/chunk-EIPXSTHH.js?v=4bdb653d:14536:9)
    at Module.ɵɵconditional (http://localhost:4200/@fs/Users/molina/Proyectos/Verano%202026/PROGRAMACIO%CC%81N%20WEB/tema3/tema3/.angular/cache/21.2.19/tema3/vite/deps/chunk-EIPXSTHH.js?v=4bdb653d:20198:7)
    at DetalleProducto_Template (http://localhost:4200/chunk-FAECJNI5.js:133:10)
    at executeTemplate (http://localhost:4200/@fs/Users/molina/Proyectos/Verano%202026/PROGRAMACIO%CC%81N%20WEB/tema3/tema3/.angular/cache/21.2.19/tema3/vite/deps/chunk-EIPXSTHH.js?v=4bdb653d:11447:5)
    at refreshView (http://localhost:4200/@fs/Users/molina/Proyectos/Verano%202026/PROGRAMACIO%CC%81N%20WEB/tema3/tema3/.angular/cache/21.2.19/tema3/vite/deps/chunk-EIPXSTHH.js?v=4bdb653d:12108:7)
    at detectChangesInView (http://localhost:4200/@fs/Users/molina/Proyectos/Verano%202026/PROGRAMACIO%CC%81N%20WEB/tema3/tema3/.angular/cache/21.2.19/tema3/vite/deps/chunk-EIPXSTHH.js?v=4bdb653d:12248:5)
    at detectChangesInViewIfAttached (http://localhost:4200/@fs/Users/molina/Proyectos/Verano%202026/PROGRAMACIO%CC%81N%20WEB/tema3/tema3/.angular/cache/21.2.19/tema3/vite/deps/chunk-EIPXSTHH.js?v=4bdb653d:12231:3)
    at detectChangesInComponent (http://localhost:4200/@fs/Users/molina/Proyectos/Verano%202026/PROGRAMACIO%CC%81N%20WEB/tema3/tema3/.angular/cache/21.2.19/tema3/vite/deps/chunk-EIPXSTHH.js?v=4bdb653d:12222:5)
    at detectChangesInChildComponents (http://localhost:4200/@fs/Users/molina/Proyectos/Verano%202026/PROGRAMACIO%CC%81N%20WEB/tema3/tema3/.angular/cache/21.2.19/tema3/vite/deps/chunk-EIPXSTHH.js?v=4bdb653d:12270:5) @ http://localhost:4200/@fs/Users/molina/Proyectos/Verano%202026/PROGRAMACIO%CC%81N%20WEB/tema3/tema3/.angular/cache/21.2.19/tema3/vite/deps/chunk-EIPXSTHH.js?v=4bdb653d:6030
[  174829ms] [WARNING] [PrimeUI] PrimeUI license is not configured. @ http://localhost:4200/@fs/Users/molina/Proyectos/Verano%202026/PROGRAMACIO%CC%81N%20WEB/tema3/tema3/.angular/cache/21.2.19/tema3/vite/deps/chunk-MF2BHIXG.js?v=4bdb653d:2471
[  174852ms] [LOG] Angular is running in development mode. @ http://localhost:4200/@fs/Users/molina/Proyectos/Verano%202026/PROGRAMACIO%CC%81N%20WEB/tema3/tema3/.angular/cache/21.2.19/tema3/vite/deps/chunk-EIPXSTHH.js?v=4bdb653d:17338
[  175225ms] [ERROR] ERROR RuntimeError: NG0100: ExpressionChangedAfterItHasBeenCheckedError: Expression has changed after it was checked. Previous value: '1'. Current value: '0'. Expression location: _DetalleProducto component. Find more at https://v21.angular.dev/errors/NG0100
    at throwErrorIfNoChangesMode (http://localhost:4200/@fs/Users/molina/Proyectos/Verano%202026/PROGRAMACIO%CC%81N%20WEB/tema3/tema3/.angular/cache/21.2.19/tema3/vite/deps/chunk-EIPXSTHH.js?v=4bdb653d:9925:9)
    at bindingUpdated (http://localhost:4200/@fs/Users/molina/Proyectos/Verano%202026/PROGRAMACIO%CC%81N%20WEB/tema3/tema3/.angular/cache/21.2.19/tema3/vite/deps/chunk-EIPXSTHH.js?v=4bdb653d:14536:9)
    at Module.ɵɵconditional (http://localhost:4200/@fs/Users/molina/Proyectos/Verano%202026/PROGRAMACIO%CC%81N%20WEB/tema3/tema3/.angular/cache/21.2.19/tema3/vite/deps/chunk-EIPXSTHH.js?v=4bdb653d:20198:7)
    at DetalleProducto_Template (http://localhost:4200/chunk-FAECJNI5.js:133:10)
    at executeTemplate (http://localhost:4200/@fs/Users/molina/Proyectos/Verano%202026/PROGRAMACIO%CC%81N%20WEB/tema3/tema3/.angular/cache/21.2.19/tema3/vite/deps/chunk-EIPXSTHH.js?v=4bdb653d:11447:5)
    at refreshView (http://localhost:4200/@fs/Users/molina/Proyectos/Verano%202026/PROGRAMACIO%CC%81N%20WEB/tema3/tema3/.angular/cache/21.2.19/tema3/vite/deps/chunk-EIPXSTHH.js?v=4bdb653d:12108:7)
    at detectChangesInView (http://localhost:4200/@fs/Users/molina/Proyectos/Verano%202026/PROGRAMACIO%CC%81N%20WEB/tema3/tema3/.angular/cache/21.2.19/tema3/vite/deps/chunk-EIPXSTHH.js?v=4bdb653d:12248:5)
    at detectChangesInViewIfAttached (http://localhost:4200/@fs/Users/molina/Proyectos/Verano%202026/PROGRAMACIO%CC%81N%20WEB/tema3/tema3/.angular/cache/21.2.19/tema3/vite/deps/chunk-EIPXSTHH.js?v=4bdb653d:12231:3)
    at detectChangesInComponent (http://localhost:4200/@fs/Users/molina/Proyectos/Verano%202026/PROGRAMACIO%CC%81N%20WEB/tema3/tema3/.angular/cache/21.2.19/tema3/vite/deps/chunk-EIPXSTHH.js?v=4bdb653d:12222:5)
    at detectChangesInChildComponents (http://localhost:4200/@fs/Users/molina/Proyectos/Verano%202026/PROGRAMACIO%CC%81N%20WEB/tema3/tema3/.angular/cache/21.2.19/tema3/vite/deps/chunk-EIPXSTHH.js?v=4bdb653d:12270:5) @ http://localhost:4200/@fs/Users/molina/Proyectos/Verano%202026/PROGRAMACIO%CC%81N%20WEB/tema3/tema3/.angular/cache/21.2.19/tema3/vite/deps/chunk-EIPXSTHH.js?v=4bdb653d:6030
[  182834ms] [WARNING] [PrimeUI] PrimeUI license is not configured. @ http://localhost:4200/@fs/Users/molina/Proyectos/Verano%202026/PROGRAMACIO%CC%81N%20WEB/tema3/tema3/.angular/cache/21.2.19/tema3/vite/deps/chunk-MF2BHIXG.js?v=4bdb653d:2471
[  182850ms] [LOG] Angular is running in development mode. @ http://localhost:4200/@fs/Users/molina/Proyectos/Verano%202026/PROGRAMACIO%CC%81N%20WEB/tema3/tema3/.angular/cache/21.2.19/tema3/vite/deps/chunk-EIPXSTHH.js?v=4bdb653d:17338
[  183312ms] [ERROR] ERROR RuntimeError: NG0100: ExpressionChangedAfterItHasBeenCheckedError: Expression has changed after it was checked. Previous value: '1'. Current value: '0'. Expression location: _DetalleProducto component. Find more at https://v21.angular.dev/errors/NG0100
    at throwErrorIfNoChangesMode (http://localhost:4200/@fs/Users/molina/Proyectos/Verano%202026/PROGRAMACIO%CC%81N%20WEB/tema3/tema3/.angular/cache/21.2.19/tema3/vite/deps/chunk-EIPXSTHH.js?v=4bdb653d:9925:9)
    at bindingUpdated (http://localhost:4200/@fs/Users/molina/Proyectos/Verano%202026/PROGRAMACIO%CC%81N%20WEB/tema3/tema3/.angular/cache/21.2.19/tema3/vite/deps/chunk-EIPXSTHH.js?v=4bdb653d:14536:9)
    at Module.ɵɵconditional (http://localhost:4200/@fs/Users/molina/Proyectos/Verano%202026/PROGRAMACIO%CC%81N%20WEB/tema3/tema3/.angular/cache/21.2.19/tema3/vite/deps/chunk-EIPXSTHH.js?v=4bdb653d:20198:7)
    at DetalleProducto_Template (http://localhost:4200/chunk-FAECJNI5.js:133:10)
    at executeTemplate (http://localhost:4200/@fs/Users/molina/Proyectos/Verano%202026/PROGRAMACIO%CC%81N%20WEB/tema3/tema3/.angular/cache/21.2.19/tema3/vite/deps/chunk-EIPXSTHH.js?v=4bdb653d:11447:5)
    at refreshView (http://localhost:4200/@fs/Users/molina/Proyectos/Verano%202026/PROGRAMACIO%CC%81N%20WEB/tema3/tema3/.angular/cache/21.2.19/tema3/vite/deps/chunk-EIPXSTHH.js?v=4bdb653d:12108:7)
    at detectChangesInView (http://localhost:4200/@fs/Users/molina/Proyectos/Verano%202026/PROGRAMACIO%CC%81N%20WEB/tema3/tema3/.angular/cache/21.2.19/tema3/vite/deps/chunk-EIPXSTHH.js?v=4bdb653d:12248:5)
    at detectChangesInViewIfAttached (http://localhost:4200/@fs/Users/molina/Proyectos/Verano%202026/PROGRAMACIO%CC%81N%20WEB/tema3/tema3/.angular/cache/21.2.19/tema3/vite/deps/chunk-EIPXSTHH.js?v=4bdb653d:12231:3)
    at detectChangesInComponent (http://localhost:4200/@fs/Users/molina/Proyectos/Verano%202026/PROGRAMACIO%CC%81N%20WEB/tema3/tema3/.angular/cache/21.2.19/tema3/vite/deps/chunk-EIPXSTHH.js?v=4bdb653d:12222:5)
    at detectChangesInChildComponents (http://localhost:4200/@fs/Users/molina/Proyectos/Verano%202026/PROGRAMACIO%CC%81N%20WEB/tema3/tema3/.angular/cache/21.2.19/tema3/vite/deps/chunk-EIPXSTHH.js?v=4bdb653d:12270:5) @ http://localhost:4200/@fs/Users/molina/Proyectos/Verano%202026/PROGRAMACIO%CC%81N%20WEB/tema3/tema3/.angular/cache/21.2.19/tema3/vite/deps/chunk-EIPXSTHH.js?v=4bdb653d:6030
[  197149ms] [WARNING] [PrimeUI] PrimeUI license is not configured. @ http://localhost:4200/@fs/Users/molina/Proyectos/Verano%202026/PROGRAMACIO%CC%81N%20WEB/tema3/tema3/.angular/cache/21.2.19/tema3/vite/deps/chunk-MF2BHIXG.js?v=4bdb653d:2471
[  197174ms] [LOG] Angular is running in development mode. @ http://localhost:4200/@fs/Users/molina/Proyectos/Verano%202026/PROGRAMACIO%CC%81N%20WEB/tema3/tema3/.angular/cache/21.2.19/tema3/vite/deps/chunk-EIPXSTHH.js?v=4bdb653d:17338
[  199436ms] [ERROR] ERROR RuntimeError: NG0100: ExpressionChangedAfterItHasBeenCheckedError: Expression has changed after it was checked. Previous value: '0'. Current value: '1'. Expression location: _DetalleProducto component. Find more at https://v21.angular.dev/errors/NG0100
    at throwErrorIfNoChangesMode (http://localhost:4200/@fs/Users/molina/Proyectos/Verano%202026/PROGRAMACIO%CC%81N%20WEB/tema3/tema3/.angular/cache/21.2.19/tema3/vite/deps/chunk-EIPXSTHH.js?v=4bdb653d:9925:9)
    at bindingUpdated (http://localhost:4200/@fs/Users/molina/Proyectos/Verano%202026/PROGRAMACIO%CC%81N%20WEB/tema3/tema3/.angular/cache/21.2.19/tema3/vite/deps/chunk-EIPXSTHH.js?v=4bdb653d:14536:9)
    at Module.ɵɵconditional (http://localhost:4200/@fs/Users/molina/Proyectos/Verano%202026/PROGRAMACIO%CC%81N%20WEB/tema3/tema3/.angular/cache/21.2.19/tema3/vite/deps/chunk-EIPXSTHH.js?v=4bdb653d:20198:7)
    at DetalleProducto_Template (http://localhost:4200/chunk-IOLNBE5D.js?t=1785362570611:140:10)
    at executeTemplate (http://localhost:4200/@fs/Users/molina/Proyectos/Verano%202026/PROGRAMACIO%CC%81N%20WEB/tema3/tema3/.angular/cache/21.2.19/tema3/vite/deps/chunk-EIPXSTHH.js?v=4bdb653d:11447:5)
    at refreshView (http://localhost:4200/@fs/Users/molina/Proyectos/Verano%202026/PROGRAMACIO%CC%81N%20WEB/tema3/tema3/.angular/cache/21.2.19/tema3/vite/deps/chunk-EIPXSTHH.js?v=4bdb653d:12108:7)
    at detectChangesInView (http://localhost:4200/@fs/Users/molina/Proyectos/Verano%202026/PROGRAMACIO%CC%81N%20WEB/tema3/tema3/.angular/cache/21.2.19/tema3/vite/deps/chunk-EIPXSTHH.js?v=4bdb653d:12248:5)
    at detectChangesInViewIfAttached (http://localhost:4200/@fs/Users/molina/Proyectos/Verano%202026/PROGRAMACIO%CC%81N%20WEB/tema3/tema3/.angular/cache/21.2.19/tema3/vite/deps/chunk-EIPXSTHH.js?v=4bdb653d:12231:3)
    at detectChangesInComponent (http://localhost:4200/@fs/Users/molina/Proyectos/Verano%202026/PROGRAMACIO%CC%81N%20WEB/tema3/tema3/.angular/cache/21.2.19/tema3/vite/deps/chunk-EIPXSTHH.js?v=4bdb653d:12222:5)
    at detectChangesInChildComponents (http://localhost:4200/@fs/Users/molina/Proyectos/Verano%202026/PROGRAMACIO%CC%81N%20WEB/tema3/tema3/.angular/cache/21.2.19/tema3/vite/deps/chunk-EIPXSTHH.js?v=4bdb653d:12270:5) @ http://localhost:4200/@fs/Users/molina/Proyectos/Verano%202026/PROGRAMACIO%CC%81N%20WEB/tema3/tema3/.angular/cache/21.2.19/tema3/vite/deps/chunk-EIPXSTHH.js?v=4bdb653d:6030
[  200867ms] [WARNING] [PrimeUI] PrimeUI license is not configured. @ http://localhost:4200/@fs/Users/molina/Proyectos/Verano%202026/PROGRAMACIO%CC%81N%20WEB/tema3/tema3/.angular/cache/21.2.19/tema3/vite/deps/chunk-MF2BHIXG.js?v=4bdb653d:2471
[  200882ms] [LOG] Angular is running in development mode. @ http://localhost:4200/@fs/Users/molina/Proyectos/Verano%202026/PROGRAMACIO%CC%81N%20WEB/tema3/tema3/.angular/cache/21.2.19/tema3/vite/deps/chunk-EIPXSTHH.js?v=4bdb653d:17338
[  201313ms] [ERROR] ERROR RuntimeError: NG0100: ExpressionChangedAfterItHasBeenCheckedError: Expression has changed after it was checked. Previous value: '0'. Current value: '1'. Expression location: _DetalleProducto component. Find more at https://v21.angular.dev/errors/NG0100
    at throwErrorIfNoChangesMode (http://localhost:4200/@fs/Users/molina/Proyectos/Verano%202026/PROGRAMACIO%CC%81N%20WEB/tema3/tema3/.angular/cache/21.2.19/tema3/vite/deps/chunk-EIPXSTHH.js?v=4bdb653d:9925:9)
    at bindingUpdated (http://localhost:4200/@fs/Users/molina/Proyectos/Verano%202026/PROGRAMACIO%CC%81N%20WEB/tema3/tema3/.angular/cache/21.2.19/tema3/vite/deps/chunk-EIPXSTHH.js?v=4bdb653d:14536:9)
    at Module.ɵɵconditional (http://localhost:4200/@fs/Users/molina/Proyectos/Verano%202026/PROGRAMACIO%CC%81N%20WEB/tema3/tema3/.angular/cache/21.2.19/tema3/vite/deps/chunk-EIPXSTHH.js?v=4bdb653d:20198:7)
    at DetalleProducto_Template (http://localhost:4200/chunk-IOLNBE5D.js?t=1785362570611:140:10)
    at executeTemplate (http://localhost:4200/@fs/Users/molina/Proyectos/Verano%202026/PROGRAMACIO%CC%81N%20WEB/tema3/tema3/.angular/cache/21.2.19/tema3/vite/deps/chunk-EIPXSTHH.js?v=4bdb653d:11447:5)
    at refreshView (http://localhost:4200/@fs/Users/molina/Proyectos/Verano%202026/PROGRAMACIO%CC%81N%20WEB/tema3/tema3/.angular/cache/21.2.19/tema3/vite/deps/chunk-EIPXSTHH.js?v=4bdb653d:12108:7)
    at detectChangesInView (http://localhost:4200/@fs/Users/molina/Proyectos/Verano%202026/PROGRAMACIO%CC%81N%20WEB/tema3/tema3/.angular/cache/21.2.19/tema3/vite/deps/chunk-EIPXSTHH.js?v=4bdb653d:12248:5)
    at detectChangesInViewIfAttached (http://localhost:4200/@fs/Users/molina/Proyectos/Verano%202026/PROGRAMACIO%CC%81N%20WEB/tema3/tema3/.angular/cache/21.2.19/tema3/vite/deps/chunk-EIPXSTHH.js?v=4bdb653d:12231:3)
    at detectChangesInComponent (http://localhost:4200/@fs/Users/molina/Proyectos/Verano%202026/PROGRAMACIO%CC%81N%20WEB/tema3/tema3/.angular/cache/21.2.19/tema3/vite/deps/chunk-EIPXSTHH.js?v=4bdb653d:12222:5)
    at detectChangesInChildComponents (http://localhost:4200/@fs/Users/molina/Proyectos/Verano%202026/PROGRAMACIO%CC%81N%20WEB/tema3/tema3/.angular/cache/21.2.19/tema3/vite/deps/chunk-EIPXSTHH.js?v=4bdb653d:12270:5) @ http://localhost:4200/@fs/Users/molina/Proyectos/Verano%202026/PROGRAMACIO%CC%81N%20WEB/tema3/tema3/.angular/cache/21.2.19/tema3/vite/deps/chunk-EIPXSTHH.js?v=4bdb653d:6030
[  216232ms] [WARNING] [PrimeUI] PrimeUI license is not configured. @ http://localhost:4200/@fs/Users/molina/Proyectos/Verano%202026/PROGRAMACIO%CC%81N%20WEB/tema3/tema3/.angular/cache/21.2.19/tema3/vite/deps/chunk-MF2BHIXG.js?v=4bdb653d:2471
[  216269ms] [LOG] Angular is running in development mode. @ http://localhost:4200/@fs/Users/molina/Proyectos/Verano%202026/PROGRAMACIO%CC%81N%20WEB/tema3/tema3/.angular/cache/21.2.19/tema3/vite/deps/chunk-EIPXSTHH.js?v=4bdb653d:17338
[  223465ms] [WARNING] [PrimeUI] PrimeUI license is not configured. @ http://localhost:4200/@fs/Users/molina/Proyectos/Verano%202026/PROGRAMACIO%CC%81N%20WEB/tema3/tema3/.angular/cache/21.2.19/tema3/vite/deps/chunk-MF2BHIXG.js?v=4bdb653d:2471
[  223485ms] [LOG] Angular is running in development mode. @ http://localhost:4200/@fs/Users/molina/Proyectos/Verano%202026/PROGRAMACIO%CC%81N%20WEB/tema3/tema3/.angular/cache/21.2.19/tema3/vite/deps/chunk-EIPXSTHH.js?v=4bdb653d:17338
[  277884ms] [WARNING] [PrimeUI] PrimeUI license is not configured. @ http://localhost:4200/@fs/Users/molina/Proyectos/Verano%202026/PROGRAMACIO%CC%81N%20WEB/tema3/tema3/.angular/cache/21.2.19/tema3/vite/deps/chunk-MF2BHIXG.js?v=4bdb653d:2471
[  277909ms] [LOG] Angular is running in development mode. @ http://localhost:4200/@fs/Users/molina/Proyectos/Verano%202026/PROGRAMACIO%CC%81N%20WEB/tema3/tema3/.angular/cache/21.2.19/tema3/vite/deps/chunk-EIPXSTHH.js?v=4bdb653d:17338
