[     451ms] [WARNING] [PrimeUI] PrimeUI license is not configured. @ http://localhost:4200/@fs/Users/molina/Proyectos/Verano%202026/PROGRAMACIO%CC%81N%20WEB/tema3/tema3/.angular/cache/21.2.19/tema3/vite/deps/chunk-MF2BHIXG.js?v=4bdb653d:2471
[     491ms] [LOG] Angular is running in development mode. @ http://localhost:4200/@fs/Users/molina/Proyectos/Verano%202026/PROGRAMACIO%CC%81N%20WEB/tema3/tema3/.angular/cache/21.2.19/tema3/vite/deps/chunk-EIPXSTHH.js?v=4bdb653d:17338
[    1068ms] [ERROR] ERROR RuntimeError: NG0100: ExpressionChangedAfterItHasBeenCheckedError: Expression has changed after it was checked. Previous value: 'true'. Current value: 'false'. Expression location: _Productos component. Find more at https://v21.angular.dev/errors/NG0100
    at throwErrorIfNoChangesMode (http://localhost:4200/@fs/Users/molina/Proyectos/Verano%202026/PROGRAMACIO%CC%81N%20WEB/tema3/tema3/.angular/cache/21.2.19/tema3/vite/deps/chunk-EIPXSTHH.js?v=4bdb653d:9925:9)
    at bindingUpdated (http://localhost:4200/@fs/Users/molina/Proyectos/Verano%202026/PROGRAMACIO%CC%81N%20WEB/tema3/tema3/.angular/cache/21.2.19/tema3/vite/deps/chunk-EIPXSTHH.js?v=4bdb653d:14536:9)
    at Module.ɵɵrepeater (http://localhost:4200/@fs/Users/molina/Proyectos/Verano%202026/PROGRAMACIO%CC%81N%20WEB/tema3/tema3/.angular/cache/21.2.19/tema3/vite/deps/chunk-EIPXSTHH.js?v=4bdb653d:20374:11)
    at Productos_Conditional_15_Template (http://localhost:4200/chunk-UCGDYZQR.js:164:9)
    at executeTemplate (http://localhost:4200/@fs/Users/molina/Proyectos/Verano%202026/PROGRAMACIO%CC%81N%20WEB/tema3/tema3/.angular/cache/21.2.19/tema3/vite/deps/chunk-EIPXSTHH.js?v=4bdb653d:11447:5)
    at refreshView (http://localhost:4200/@fs/Users/molina/Proyectos/Verano%202026/PROGRAMACIO%CC%81N%20WEB/tema3/tema3/.angular/cache/21.2.19/tema3/vite/deps/chunk-EIPXSTHH.js?v=4bdb653d:12108:7)
    at detectChangesInView (http://localhost:4200/@fs/Users/molina/Proyectos/Verano%202026/PROGRAMACIO%CC%81N%20WEB/tema3/tema3/.angular/cache/21.2.19/tema3/vite/deps/chunk-EIPXSTHH.js?v=4bdb653d:12248:5)
    at detectChangesInViewIfAttached (http://localhost:4200/@fs/Users/molina/Proyectos/Verano%202026/PROGRAMACIO%CC%81N%20WEB/tema3/tema3/.angular/cache/21.2.19/tema3/vite/deps/chunk-EIPXSTHH.js?v=4bdb653d:12231:3)
    at detectChangesInEmbeddedViews (http://localhost:4200/@fs/Users/molina/Proyectos/Verano%202026/PROGRAMACIO%CC%81N%20WEB/tema3/tema3/.angular/cache/21.2.19/tema3/vite/deps/chunk-EIPXSTHH.js?v=4bdb653d:12202:7)
    at refreshView (http://localhost:4200/@fs/Users/molina/Proyectos/Verano%202026/PROGRAMACIO%CC%81N%20WEB/tema3/tema3/.angular/cache/21.2.19/tema3/vite/deps/chunk-EIPXSTHH.js?v=4bdb653d:12129:5) @ http://localhost:4200/@fs/Users/molina/Proyectos/Verano%202026/PROGRAMACIO%CC%81N%20WEB/tema3/tema3/.angular/cache/21.2.19/tema3/vite/deps/chunk-EIPXSTHH.js?v=4bdb653d:6030
[   32279ms] [WARNING] [PrimeUI] PrimeUI license is not configured. @ http://localhost:4200/@fs/Users/molina/Proyectos/Verano%202026/PROGRAMACIO%CC%81N%20WEB/tema3/tema3/.angular/cache/21.2.19/tema3/vite/deps/chunk-MF2BHIXG.js?v=4bdb653d:2471
[   32317ms] [LOG] Angular is running in development mode. @ http://localhost:4200/@fs/Users/molina/Proyectos/Verano%202026/PROGRAMACIO%CC%81N%20WEB/tema3/tema3/.angular/cache/21.2.19/tema3/vite/deps/chunk-EIPXSTHH.js?v=4bdb653d:17338
[   33075ms] [ERROR] ERROR RuntimeError: NG0100: ExpressionChangedAfterItHasBeenCheckedError: Expression has changed after it was checked. Previous value: '[]'. Current value: '[{"id":1,"nombre":"Teclados","descripcion":"Teclado compacto para practicar Angular.","precio":650},{"id":2,"nombre":"Ratón","descripcion":"Ratón inalámbrico de uso diario.","precio":420},{"id":3,"nom…'. Expression location: _Productos component. Find more at https://v21.angular.dev/errors/NG0100
    at throwErrorIfNoChangesMode (http://localhost:4200/@fs/Users/molina/Proyectos/Verano%202026/PROGRAMACIO%CC%81N%20WEB/tema3/tema3/.angular/cache/21.2.19/tema3/vite/deps/chunk-EIPXSTHH.js?v=4bdb653d:9925:9)
    at bindingUpdated (http://localhost:4200/@fs/Users/molina/Proyectos/Verano%202026/PROGRAMACIO%CC%81N%20WEB/tema3/tema3/.angular/cache/21.2.19/tema3/vite/deps/chunk-EIPXSTHH.js?v=4bdb653d:14536:9)
    at Module.ɵɵproperty (http://localhost:4200/@fs/Users/molina/Proyectos/Verano%202026/PROGRAMACIO%CC%81N%20WEB/tema3/tema3/.angular/cache/21.2.19/tema3/vite/deps/chunk-EIPXSTHH.js?v=4bdb653d:20440:7)
    at Productos_Conditional_16_Template (http://localhost:4200/chunk-EFL7D6WJ.js:245:9)
    at executeTemplate (http://localhost:4200/@fs/Users/molina/Proyectos/Verano%202026/PROGRAMACIO%CC%81N%20WEB/tema3/tema3/.angular/cache/21.2.19/tema3/vite/deps/chunk-EIPXSTHH.js?v=4bdb653d:11447:5)
    at refreshView (http://localhost:4200/@fs/Users/molina/Proyectos/Verano%202026/PROGRAMACIO%CC%81N%20WEB/tema3/tema3/.angular/cache/21.2.19/tema3/vite/deps/chunk-EIPXSTHH.js?v=4bdb653d:12108:7)
    at detectChangesInView (http://localhost:4200/@fs/Users/molina/Proyectos/Verano%202026/PROGRAMACIO%CC%81N%20WEB/tema3/tema3/.angular/cache/21.2.19/tema3/vite/deps/chunk-EIPXSTHH.js?v=4bdb653d:12248:5)
    at detectChangesInViewIfAttached (http://localhost:4200/@fs/Users/molina/Proyectos/Verano%202026/PROGRAMACIO%CC%81N%20WEB/tema3/tema3/.angular/cache/21.2.19/tema3/vite/deps/chunk-EIPXSTHH.js?v=4bdb653d:12231:3)
    at detectChangesInEmbeddedViews (http://localhost:4200/@fs/Users/molina/Proyectos/Verano%202026/PROGRAMACIO%CC%81N%20WEB/tema3/tema3/.angular/cache/21.2.19/tema3/vite/deps/chunk-EIPXSTHH.js?v=4bdb653d:12202:7)
    at refreshView (http://localhost:4200/@fs/Users/molina/Proyectos/Verano%202026/PROGRAMACIO%CC%81N%20WEB/tema3/tema3/.angular/cache/21.2.19/tema3/vite/deps/chunk-EIPXSTHH.js?v=4bdb653d:12129:5) @ http://localhost:4200/@fs/Users/molina/Proyectos/Verano%202026/PROGRAMACIO%CC%81N%20WEB/tema3/tema3/.angular/cache/21.2.19/tema3/vite/deps/chunk-EIPXSTHH.js?v=4bdb653d:6030
[   37680ms] [WARNING] [PrimeUI] PrimeUI license is not configured. @ http://localhost:4200/@fs/Users/molina/Proyectos/Verano%202026/PROGRAMACIO%CC%81N%20WEB/tema3/tema3/.angular/cache/21.2.19/tema3/vite/deps/chunk-MF2BHIXG.js?v=4bdb653d:2471
[   37705ms] [LOG] Angular is running in development mode. @ http://localhost:4200/@fs/Users/molina/Proyectos/Verano%202026/PROGRAMACIO%CC%81N%20WEB/tema3/tema3/.angular/cache/21.2.19/tema3/vite/deps/chunk-EIPXSTHH.js?v=4bdb653d:17338
[   38117ms] [ERROR] ERROR RuntimeError: NG0100: ExpressionChangedAfterItHasBeenCheckedError: Expression has changed after it was checked. Previous value: '[]'. Current value: '[{"id":1,"nombre":"Teclados","descripcion":"Teclado compacto para practicar Angular.","precio":650},{"id":2,"nombre":"Ratón","descripcion":"Ratón inalámbrico de uso diario.","precio":420},{"id":3,"nom…'. Expression location: _Productos component. Find more at https://v21.angular.dev/errors/NG0100
    at throwErrorIfNoChangesMode (http://localhost:4200/@fs/Users/molina/Proyectos/Verano%202026/PROGRAMACIO%CC%81N%20WEB/tema3/tema3/.angular/cache/21.2.19/tema3/vite/deps/chunk-EIPXSTHH.js?v=4bdb653d:9925:9)
    at bindingUpdated (http://localhost:4200/@fs/Users/molina/Proyectos/Verano%202026/PROGRAMACIO%CC%81N%20WEB/tema3/tema3/.angular/cache/21.2.19/tema3/vite/deps/chunk-EIPXSTHH.js?v=4bdb653d:14536:9)
    at Module.ɵɵproperty (http://localhost:4200/@fs/Users/molina/Proyectos/Verano%202026/PROGRAMACIO%CC%81N%20WEB/tema3/tema3/.angular/cache/21.2.19/tema3/vite/deps/chunk-EIPXSTHH.js?v=4bdb653d:20440:7)
    at Productos_Conditional_16_Template (http://localhost:4200/chunk-EFL7D6WJ.js:245:9)
    at executeTemplate (http://localhost:4200/@fs/Users/molina/Proyectos/Verano%202026/PROGRAMACIO%CC%81N%20WEB/tema3/tema3/.angular/cache/21.2.19/tema3/vite/deps/chunk-EIPXSTHH.js?v=4bdb653d:11447:5)
    at refreshView (http://localhost:4200/@fs/Users/molina/Proyectos/Verano%202026/PROGRAMACIO%CC%81N%20WEB/tema3/tema3/.angular/cache/21.2.19/tema3/vite/deps/chunk-EIPXSTHH.js?v=4bdb653d:12108:7)
    at detectChangesInView (http://localhost:4200/@fs/Users/molina/Proyectos/Verano%202026/PROGRAMACIO%CC%81N%20WEB/tema3/tema3/.angular/cache/21.2.19/tema3/vite/deps/chunk-EIPXSTHH.js?v=4bdb653d:12248:5)
    at detectChangesInViewIfAttached (http://localhost:4200/@fs/Users/molina/Proyectos/Verano%202026/PROGRAMACIO%CC%81N%20WEB/tema3/tema3/.angular/cache/21.2.19/tema3/vite/deps/chunk-EIPXSTHH.js?v=4bdb653d:12231:3)
    at detectChangesInEmbeddedViews (http://localhost:4200/@fs/Users/molina/Proyectos/Verano%202026/PROGRAMACIO%CC%81N%20WEB/tema3/tema3/.angular/cache/21.2.19/tema3/vite/deps/chunk-EIPXSTHH.js?v=4bdb653d:12202:7)
    at refreshView (http://localhost:4200/@fs/Users/molina/Proyectos/Verano%202026/PROGRAMACIO%CC%81N%20WEB/tema3/tema3/.angular/cache/21.2.19/tema3/vite/deps/chunk-EIPXSTHH.js?v=4bdb653d:12129:5) @ http://localhost:4200/@fs/Users/molina/Proyectos/Verano%202026/PROGRAMACIO%CC%81N%20WEB/tema3/tema3/.angular/cache/21.2.19/tema3/vite/deps/chunk-EIPXSTHH.js?v=4bdb653d:6030
[   71068ms] [WARNING] [PrimeUI] PrimeUI license is not configured. @ http://localhost:4200/@fs/Users/molina/Proyectos/Verano%202026/PROGRAMACIO%CC%81N%20WEB/tema3/tema3/.angular/cache/21.2.19/tema3/vite/deps/chunk-MF2BHIXG.js?v=4bdb653d:2471
[   71097ms] [LOG] Angular is running in development mode. @ http://localhost:4200/@fs/Users/molina/Proyectos/Verano%202026/PROGRAMACIO%CC%81N%20WEB/tema3/tema3/.angular/cache/21.2.19/tema3/vite/deps/chunk-EIPXSTHH.js?v=4bdb653d:17338
